Initialized native services in: C:\Users\admin\.gradle\native
Initialized jansi services in: C:\Users\admin\.gradle\native
To honour the JVM settings for this build a single-use Daemon process will be forked. For more on this, please refer to https://docs.gradle.org/9.2.1/userguide/gradle_daemon.html#sec:disabling_the_daemon in the Gradle documentation.
Starting process 'Gradle build daemon'. Working directory: C:\Users\admin\.gradle\daemon\9.2.1 Command: D:\github\jdk-21.0.10\bin\java.exe --add-opens=java.base/java.lang=ALL-UNNAMED --add-opens=java.base/java.lang.invoke=ALL-UNNAMED --add-opens=java.base/java.util=ALL-UNNAMED --add-opens=java.prefs/java.util.prefs=ALL-UNNAMED --add-exports=jdk.compiler/com.sun.tools.javac.api=ALL-UNNAMED --add-exports=jdk.compiler/com.sun.tools.javac.util=ALL-UNNAMED --add-opens=java.base/java.util=ALL-UNNAMED --add-opens=java.prefs/java.util.prefs=ALL-UNNAMED --add-opens=java.base/java.nio.charset=ALL-UNNAMED --add-opens=java.base/java.net=ALL-UNNAMED --add-opens=java.base/java.util.concurrent=ALL-UNNAMED --add-opens=java.base/java.util.concurrent.atomic=ALL-UNNAMED --add-opens=java.xml/javax.xml.namespace=ALL-UNNAMED --add-opens=java.base/java.time=ALL-UNNAMED -Xmx3G -Dfile.encoding=UTF-8 -Duser.country=CN -Duser.language=zh -Duser.variant -cp C:\Users\admin\.gradle\wrapper\dists\gradle-9.2.1-bin\2t0n5ozlw9xmuyvbp7dnzaxug\gradle-9.2.1\lib\gradle-daemon-main-9.2.1.jar -javaagent:C:\Users\admin\.gradle\wrapper\dists\gradle-9.2.1-bin\2t0n5ozlw9xmuyvbp7dnzaxug\gradle-9.2.1\lib\agents\gradle-instrumentation-agent-9.2.1.jar org.gradle.launcher.daemon.bootstrap.GradleDaemon 9.2.1
Successfully started process 'Gradle build daemon'
An attempt to start the daemon took 1.779 secs.
The client will now receive all logging from the daemon (pid: 31288). The daemon log file: C:\Users\admin\.gradle\daemon\9.2.1\daemon-31288.out.log
Daemon will be stopped at the end of the build 
Using 12 worker leases.
Operational build model parameters: {requiresToolingModels=false, parallelProjectExecution=false, configureOnDemand=false, configurationCache=false, configurationCacheParallelStore=false, configurationCacheParallelLoad=true, isolatedProjects=false, parallelProjectConfiguration=false, intermediateModelCache=false, parallelToolingApiActions=false, invalidateCoupledProjects=false, modelAsProjectDependency=false, resilientModelBuilding=false}
Received JVM installation metadata from 'D:\github\jdk-21.0.10': {JAVA_HOME=D:\github\jdk-21.0.10, JAVA_VERSION=21.0.10, JAVA_VENDOR=Oracle Corporation, RUNTIME_NAME=Java(TM) SE Runtime Environment, RUNTIME_VERSION=21.0.10+8-LTS-217, VM_NAME=Java HotSpot(TM) 64-Bit Server VM, VM_VERSION=21.0.10+8-LTS-217, VM_VENDOR=Oracle Corporation, OS_ARCH=amd64}
Watching the file system is configured to be enabled if available
Now considering [D:\github\CMIICore] as hierarchies to watch
File system watching is active
Starting Build
Invalidating in-memory cache of C:\Users\admin\.gradle\caches\journal-1\file-access.bin
Resolved plugin [id: 'org.gradle.toolchains.foojay-resolver-convention', version: '1.0.0']
Invalidating in-memory cache of C:\Users\admin\.gradle\caches\journal-1\file-access.bin
Settings evaluated using settings file 'D:\github\CMIICore\settings.gradle'.
Projects loaded. Root project using build file 'D:\github\CMIICore\build.gradle'.
Included projects: [root project 'CMIICore']

> Configure project :
Evaluating root project 'CMIICore' using build file 'D:\github\CMIICore\build.gradle'.
Invalidating in-memory cache of C:\Users\admin\.gradle\caches\journal-1\file-access.bin
Resolved plugin [id: 'java']
Resolved plugin [id: 'java-library']
Resolved plugin [id: 'maven-publish']
Resolved plugin [id: 'com.gradleup.shadow', version: '9.4.0']
Resolved plugin [id: 'org.jetbrains.gradle.plugin.idea-ext', version: '1.4.1']
Resolved plugin [id: 'xyz.wagyourtail.unimined', version: '1.4.17-kappa']
Invalidating in-memory cache of C:\Users\admin\.gradle\caches\journal-1\file-access.bin
Invalidating in-memory cache of C:\Users\admin\.gradle\caches\journal-1\file-access.bin
Invalidating in-memory cache of C:\Users\admin\.gradle\caches\journal-1\file-access.bin
Invalidating in-memory cache of C:\Users\admin\.gradle\caches\journal-1\file-access.bin
Invalidating in-memory cache of C:\Users\admin\.gradle\caches\journal-1\file-access.bin
Invalidating in-memory cache of C:\Users\admin\.gradle\caches\journal-1\file-access.bin
Invalidating in-memory cache of C:\Users\admin\.gradle\caches\journal-1\file-access.bin
Invalidating in-memory cache of C:\Users\admin\.gradle\caches\journal-1\file-access.bin
Skipping Develocity integration for Shadow plugin.
[Unimined] Plugin Version: 1.4.17-kappa
Invalidating in-memory cache of C:\Users\admin\.gradle\caches\journal-1\file-access.bin
setting minecraft version to 1.12.2
[Unimined/Cache] Downloading https://launchermeta.mojang.com/mc/game/version_manifest_v2.json to C:\Users\admin\.gradle\caches\unimined\manifest.json
[Unimined/MinecraftDownloader] retrieving version metadata
[Unimined/MinecraftDownloader]     metadata url https://piston-meta.mojang.com/v1/packages/832d95b9f40699d4961394dcf6cf549e65f15dc5/1.12.2.json
[Unimined] adding cleanroom maven: org.gradle.api.internal.artifacts.repositories.DefaultMavenArtifactRepository_Decorated@7f30d607
[Unimined] adding cleanroom maven: org.gradle.api.internal.artifacts.repositories.DefaultMavenArtifactRepository_Decorated@4a5df2ea
[Unimined] adding arcseekers maven: org.gradle.api.internal.artifacts.repositories.DefaultMavenArtifactRepository_Decorated@180dce7b
[Unimined] adding Minecraft Forge maven: org.gradle.api.internal.artifacts.repositories.DefaultMavenArtifactRepository_Decorated@2daeeeb6
[Unimined] adding Minecraft Forge maven: org.gradle.api.internal.artifacts.repositories.DefaultMavenArtifactRepository_Decorated@2daeeeb6
[Unimined/Forge] Using FG3 transformer
[Unimined/Minecraft ::main] Applying minecraft config for source set 'main'
[Unimined/MappingProvider ::main] before mappings source set 'main'
[Unimined/ForgeTransformer] FG3: beforeMappingsResolve
[Unimined] adding Minecraft Forge maven: org.gradle.api.internal.artifacts.repositories.DefaultMavenArtifactRepository_Decorated@2daeeeb6
[Unimined] adding Minecraft Forge maven: org.gradle.api.internal.artifacts.repositories.DefaultMavenArtifactRepository_Decorated@2daeeeb6
Resolving mappings :main...
Resolved 6 entries in 168.080800ms
Loaded from cache
Resolving complete
Resolved to lazy tree
[Unimined/MappingProvider ::main] source set 'main' mappings: [official, searge, mcp]
[Unimined/Minecraft ::main] Added dependency com.mojang:patchy:1.3.9
[Unimined/Minecraft ::main] Excluding dependency com.mojang:patchy:1.3.9 as it is filtered by the patcher
[Unimined/Minecraft ::main] Added dependency oshi-project:oshi-core:1.1
[Unimined/Minecraft ::main] Excluding dependency oshi-project:oshi-core:1.1 as it is filtered by the patcher
[Unimined/Minecraft ::main] Added dependency net.java.dev.jna:jna:4.4.0
[Unimined/Minecraft ::main] Added dependency net.java.dev.jna:platform:3.4.0
[Unimined/Minecraft ::main] Excluding dependency net.java.dev.jna:platform:3.4.0 as it is filtered by the patcher
[Unimined/Minecraft ::main] Added dependency com.ibm.icu:icu4j-core-mojang:51.2
[Unimined/Minecraft ::main] Excluding dependency com.ibm.icu:icu4j-core-mojang:51.2 as it is filtered by the patcher
[Unimined/Minecraft ::main] Added dependency net.sf.jopt-simple:jopt-simple:5.0.3
[Unimined/Minecraft ::main] Added dependency com.paulscode:codecjorbis:20101023
[Unimined/Minecraft ::main] Added dependency com.paulscode:codecwav:20101023
[Unimined/Minecraft ::main] Added dependency com.paulscode:libraryjavasound:20101123
[Unimined/Minecraft ::main] Added dependency com.paulscode:librarylwjglopenal:20100824
[Unimined/Minecraft ::main] Added dependency com.paulscode:soundsystem:20120107
[Unimined/Minecraft ::main] Added dependency io.netty:netty-all:4.1.9.Final
[Unimined/Minecraft ::main] Excluding dependency io.netty:netty-all:4.1.9.Final as it is filtered by the patcher
[Unimined/Minecraft ::main] Added dependency com.google.guava:guava:21.0
[Unimined/Minecraft ::main] Added dependency org.apache.commons:commons-lang3:3.5
[Unimined/Minecraft ::main] Added dependency commons-io:commons-io:2.5
[Unimined/Minecraft ::main] Added dependency commons-codec:commons-codec:1.10
[Unimined/Minecraft ::main] Added dependency net.java.jinput:jinput:2.0.5
[Unimined/Minecraft ::main] Added dependency net.java.jutils:jutils:1.0.0
[Unimined/Minecraft ::main] Excluding dependency net.java.jutils:jutils:1.0.0 as it is filtered by the patcher
[Unimined/Minecraft ::main] Added dependency com.google.code.gson:gson:2.8.0
[Unimined/Minecraft ::main] Added dependency com.mojang:authlib:1.5.25
[Unimined/Minecraft ::main] Added dependency com.mojang:realms:1.10.22
[Unimined/Minecraft ::main] Added dependency org.apache.commons:commons-compress:1.8.1
[Unimined/Minecraft ::main] Added dependency org.apache.httpcomponents:httpclient:4.3.3
[Unimined/Minecraft ::main] Excluding dependency org.apache.httpcomponents:httpclient:4.3.3 as it is filtered by the patcher
[Unimined/Minecraft ::main] Added dependency commons-logging:commons-logging:1.1.3
[Unimined/Minecraft ::main] Added dependency org.apache.httpcomponents:httpcore:4.3.2
[Unimined/Minecraft ::main] Excluding dependency org.apache.httpcomponents:httpcore:4.3.2 as it is filtered by the patcher
[Unimined/Minecraft ::main] Added dependency it.unimi.dsi:fastutil:7.1.0
[Unimined/Minecraft ::main] Added dependency org.apache.logging.log4j:log4j-api:2.8.1
[Unimined/Minecraft ::main] Added dependency org.apache.logging.log4j:log4j-core:2.8.1
[Unimined/Minecraft ::main] Added dependency org.lwjgl.lwjgl:lwjgl:2.9.4-nightly-20150209
[Unimined/Minecraft ::main] Excluding dependency org.lwjgl.lwjgl:lwjgl:2.9.4-nightly-20150209 as it is filtered by the patcher
[Unimined/Minecraft ::main] Added dependency org.lwjgl.lwjgl:lwjgl_util:2.9.4-nightly-20150209
[Unimined/Minecraft ::main] Excluding dependency org.lwjgl.lwjgl:lwjgl_util:2.9.4-nightly-20150209 as it is filtered by the patcher
[Unimined/Minecraft ::main] Added dependency org.lwjgl.lwjgl:lwjgl-platform:2.9.4-nightly-20150209
[Unimined/Minecraft ::main] Excluding dependency org.lwjgl.lwjgl:lwjgl-platform:2.9.4-nightly-20150209 as it is filtered by the patcher
[Unimined/Minecraft ::main] Added dependency net.java.jinput:jinput-platform:2.0.5
[Unimined/Minecraft ::main] Added native dependency net.java.jinput:jinput-platform:2.0.5:natives-windows
[Unimined/Minecraft ::main] Added dependency com.mojang:text2speech:1.10.3
[Unimined/Minecraft ::main] Added dependency com.mojang:text2speech:1.10.3
[Unimined/Minecraft ::main] Added native dependency com.mojang:text2speech:1.10.3:natives-windows
[Unimined/Minecraft ::main] Applying CleanroomFG3
[Unimined/Minecraft ::main] Added dependency com.cleanroommc:lwjglxx:1.1.19
[Unimined/Minecraft ::main] Added dependency org.lwjgl:lwjgl-glfw:3.3.6
[Unimined/Minecraft ::main] Added dependency org.lwjgl:lwjgl-jemalloc:3.3.6
[Unimined/Minecraft ::main] Added dependency org.lwjgl:lwjgl-openal:3.3.6
[Unimined/Minecraft ::main] Added dependency org.lwjgl:lwjgl-opengl:3.3.6
[Unimined/Minecraft ::main] Added dependency org.lwjgl:lwjgl-stb:3.3.6
[Unimined/Minecraft ::main] Added dependency org.lwjgl:lwjgl-tinyfd:3.3.6
[Unimined/Minecraft ::main] Added dependency org.lwjgl:lwjgl:3.3.6
[Unimined/Minecraft ::main] Added dependency org.ow2.asm:asm:9.9.1
[Unimined/Minecraft ::main] Added dependency org.ow2.asm:asm-commons:9.9.1
[Unimined/Minecraft ::main] Added dependency org.ow2.asm:asm-tree:9.9.1
[Unimined/Minecraft ::main] Added dependency org.ow2.asm:asm-util:9.9.1
[Unimined/Minecraft ::main] Added dependency org.ow2.asm:asm-analysis:9.9.1
[Unimined/Minecraft ::main] Added dependency org.ow2.asm:asm-deprecated:7.1
[Unimined/Minecraft ::main] Added dependency top.outlands:foundation:0.19.7
[Unimined/Minecraft ::main] Added dependency net.lenni0451:Reflect:1.6.3
[Unimined/Minecraft ::main] Added dependency net.lenni0451.commons:unchecked:1.9.2
[Unimined/Minecraft ::main] Added dependency org.javassist:javassist:3.30.2-GA
[Unimined/Minecraft ::main] Added dependency com.ibm.icu:icu4j:78.3
[Unimined/Minecraft ::main] Added dependency org.jline:jline:4.0.10
[Unimined/Minecraft ::main] Added dependency org.jline:jline-native:4.0.10
[Unimined/Minecraft ::main] Added dependency net.java.jinput:jinput:2.0.10
[Unimined/Minecraft ::main] Added dependency lzma:lzma:0.0.1
[Unimined/Minecraft ::main] Added dependency java3d:vecmath:1.5.2
[Unimined/Minecraft ::main] Added dependency net.sf.trove4j:core:3.1.0
[Unimined/Minecraft ::main] Added dependency net.sf.trove4j:experimental:3.1.0
[Unimined/Minecraft ::main] Added dependency net.sf.jopt-simple:jopt-simple:5.0.4
[Unimined/Minecraft ::main] Added dependency com.github.oshi:oshi-core-ffm:7.0.1
[Unimined/Minecraft ::main] Added dependency com.github.oshi:oshi-common:7.0.1
[Unimined/Minecraft ::main] Added dependency net.java.dev.jna:jna:5.18.1
[Unimined/Minecraft ::main] Added dependency net.java.dev.jna:jna-platform:5.18.1
[Unimined/Minecraft ::main] Added dependency it.unimi.dsi:fastutil:8.5.18
[Unimined/Minecraft ::main] Added dependency com.google.guava:guava:33.6.0-jre
[Unimined/Minecraft ::main] Added dependency com.google.guava:failureaccess:1.0.2
[Unimined/Minecraft ::main] Added dependency com.google.code.gson:gson:2.14.0
[Unimined/Minecraft ::main] Added dependency org.apache.commons:commons-lang3:3.20.0
[Unimined/Minecraft ::main] Added dependency org.apache.commons:commons-compress:1.28.0
[Unimined/Minecraft ::main] Added dependency commons-codec:commons-codec:1.22.0
[Unimined/Minecraft ::main] Added dependency commons-io:commons-io:2.22.0
[Unimined/Minecraft ::main] Added dependency commons-logging:commons-logging:1.3.6
[Unimined/Minecraft ::main] Added dependency org.apache.maven:maven-artifact:3.9.15
[Unimined/Minecraft ::main] Added dependency com.google.code.findbugs:jsr305:3.0.2
[Unimined/Minecraft ::main] Added dependency org.jspecify:jspecify:1.0.0
[Unimined/Minecraft ::main] Added dependency org.apache.httpcomponents.core5:httpcore5:5.4.2
[Unimined/Minecraft ::main] Added dependency org.apache.httpcomponents.core5:httpcore5-h2:5.4.2
[Unimined/Minecraft ::main] Added dependency org.apache.httpcomponents.client5:httpclient5:5.6.1
[Unimined/Minecraft ::main] Added dependency org.apache.httpcomponents:httpclient:4.5.14
[Unimined/Minecraft ::main] Excluding dependency org.apache.httpcomponents:httpclient:4.5.14 as it is filtered by the patcher
[Unimined/Minecraft ::main] Added dependency org.apache.httpcomponents:httpcore:4.4.16
[Unimined/Minecraft ::main] Excluding dependency org.apache.httpcomponents:httpcore:4.4.16 as it is filtered by the patcher
[Unimined/Minecraft ::main] Added dependency io.netty:netty-codec-base:4.2.12.Final
[Unimined/Minecraft ::main] Added dependency io.netty:netty-buffer:4.2.12.Final
[Unimined/Minecraft ::main] Added dependency io.netty:netty-common:4.2.12.Final
[Unimined/Minecraft ::main] Added dependency io.netty:netty-handler:4.2.12.Final
[Unimined/Minecraft ::main] Added dependency io.netty:netty-resolver:4.2.12.Final
[Unimined/Minecraft ::main] Added dependency io.netty:netty-transport:4.2.12.Final
[Unimined/Minecraft ::main] Added dependency io.netty:netty-transport-native-unix-common:4.2.12.Final-linux-x86_64
[Unimined/Minecraft ::main] Added dependency io.netty:netty-transport-classes-epoll:4.2.12.Final
[Unimined/Minecraft ::main] Added dependency io.netty:netty-transport-native-epoll:4.2.12.Final-linux-x86_64
[Unimined/Minecraft ::main] Added dependency io.netty:netty-codec-http:4.2.12.Final
[Unimined/Minecraft ::main] Added dependency io.netty:netty-codec-http2:4.2.12.Final
[Unimined/Minecraft ::main] Added dependency io.netty:netty-codec-dns:4.2.12.Final
[Unimined/Minecraft ::main] Added dependency io.netty:netty-codec-compression:4.2.12.Final
[Unimined/Minecraft ::main] Added dependency io.netty:netty-resolver-dns:4.2.12.Final
[Unimined/Minecraft ::main] Added dependency jakarta.xml.ws:jakarta.xml.ws-api:4.0.2
[Unimined/Minecraft ::main] Added dependency jakarta.activation:jakarta.activation-api:2.1.4
[Unimined/Minecraft ::main] Added dependency jakarta.annotation:jakarta.annotation-api:3.0.0
[Unimined/Minecraft ::main] Added dependency jakarta.xml.bind:jakarta.xml.bind-api:4.0.4
[Unimined/Minecraft ::main] Added dependency jakarta.inject:jakarta.inject-api:2.0.1
[Unimined/Minecraft ::main] Added dependency org.apache.logging.log4j:log4j-api:2.25.4
[Unimined/Minecraft ::main] Added dependency org.apache.logging.log4j:log4j-core:2.25.4
[Unimined/Minecraft ::main] Added dependency org.apache.logging.log4j:log4j-slf4j2-impl:2.25.4
[Unimined/Minecraft ::main] Added dependency org.slf4j:slf4j-api:2.0.17
[Unimined/Minecraft ::main] Added dependency org.glassfish.jaxb:jaxb-runtime:4.0.8
[Unimined/Minecraft ::main] Added dependency org.glassfish.jaxb:jaxb-core:4.0.8
[Unimined/Minecraft ::main] Added dependency com.sun.istack:istack-commons-runtime:4.2.0
[Unimined/Minecraft ::main] Added dependency org.glassfish.corba:glassfish-corba-omgapi:5.0.2
[Unimined/Minecraft ::main] Added dependency org.openjdk.nashorn:nashorn-core:15.7
[Unimined/Minecraft ::main] Added dependency ca.weblite:java-objc-bridge:1.2
[Unimined/Minecraft ::main] Added dependency org.joml:joml:1.10.8
[Unimined/Minecraft ::main] Added dependency io.github.classgraph:classgraph:4.8.184
[Unimined/Minecraft ::main] Added dependency com.cleanroommc:sponge-mixin:0.20.12+mixin.0.8.7
[Unimined/Minecraft ::main] Added dependency io.github.llamalad7:mixinextras-common:0.5.4
[Unimined/Minecraft ::main] Added dependency org.lwjgl:lwjgl-glfw:3.3.6:natives-windows-arm64
[Unimined/Minecraft ::main] Added dependency org.lwjgl:lwjgl-glfw:3.3.6:natives-windows-x86
[Unimined/Minecraft ::main] Added dependency org.lwjgl:lwjgl-glfw:3.3.6:natives-windows
[Unimined/Minecraft ::main] Added dependency org.lwjgl:lwjgl-jemalloc:3.3.6:natives-windows-arm64
[Unimined/Minecraft ::main] Added dependency org.lwjgl:lwjgl-jemalloc:3.3.6:natives-windows-x86
[Unimined/Minecraft ::main] Added dependency org.lwjgl:lwjgl-jemalloc:3.3.6:natives-windows
[Unimined/Minecraft ::main] Added dependency org.lwjgl:lwjgl-openal:3.3.6:natives-windows-arm64
[Unimined/Minecraft ::main] Added dependency org.lwjgl:lwjgl-openal:3.3.6:natives-windows-x86
[Unimined/Minecraft ::main] Added dependency org.lwjgl:lwjgl-openal:3.3.6:natives-windows
[Unimined/Minecraft ::main] Added dependency org.lwjgl:lwjgl-opengl:3.3.6:natives-windows-arm64
[Unimined/Minecraft ::main] Added dependency org.lwjgl:lwjgl-opengl:3.3.6:natives-windows-x86
[Unimined/Minecraft ::main] Added dependency org.lwjgl:lwjgl-opengl:3.3.6:natives-windows
[Unimined/Minecraft ::main] Added dependency org.lwjgl:lwjgl-stb:3.3.6:natives-windows-arm64
[Unimined/Minecraft ::main] Added dependency org.lwjgl:lwjgl-stb:3.3.6:natives-windows-x86
[Unimined/Minecraft ::main] Added dependency org.lwjgl:lwjgl-stb:3.3.6:natives-windows
[Unimined/Minecraft ::main] Added dependency org.lwjgl:lwjgl-tinyfd:3.3.6:natives-windows-arm64
[Unimined/Minecraft ::main] Added dependency org.lwjgl:lwjgl-tinyfd:3.3.6:natives-windows-x86
[Unimined/Minecraft ::main] Added dependency org.lwjgl:lwjgl-tinyfd:3.3.6:natives-windows
[Unimined/Minecraft ::main] Added dependency org.lwjgl:lwjgl:3.3.6:natives-windows-arm64
[Unimined/Minecraft ::main] Added dependency org.lwjgl:lwjgl:3.3.6:natives-windows-x86
[Unimined/Minecraft ::main] Added dependency org.lwjgl:lwjgl:3.3.6:natives-windows
[Unimined/ForgeTransformer] Attempting inject forge userdev into minecraft jar
[Unimined/ForgeTransformer] Inserting mcp mappings
[Unimined/Minecraft ::main] Applying run configs
[Unimined/Minecraft ::main] client config, client
[Unimined/Minecraft ::main] server config, server
Setting org.gradle.jvm.version attribute for shadowRuntimeElements configuration.
Setting target JVM version to 21 for shadowRuntimeElements configuration.
Adding shadowRuntimeElements variant to Java component.
[Unimined/Minecraft ::main] Providing minecraft dev file to source set 'main'
[Unimined/Minecraft ::main] Providing minecraft files for mcp
[Unimined/MinecraftDownloader] retrieving minecraft client jar
[Unimined/MinecraftDownloader] retrieving minecraft server jar
Merging client and server jars...
[Unimined/Forge] transforming minecraft jar for FG3
minecraft: MinecraftJar(path=C:\Users\admin\.gradle\caches\unimined\net\minecraft\minecraft\1.12.2\Cleanroom-FG3\0.5.12-alpha\minecraft-1.12.2-official.jar)
[Unimined/JarMod ::source set 'main'] Adding mappings for added inner class ain$22, {official=ain$22, searge=net/minecraft/item/Item$22, mcp=net/minecraft/item/Item$22}
[Unimined/JarMod ::source set 'main'] Adding mappings for added inner class anh$FlowerEntry, {official=anh$FlowerEntry, searge=net/minecraft/world/biome/Biome$FlowerEntry, mcp=net/minecraft/world/biome/Biome$FlowerEntry}
[Unimined/JarMod ::source set 'main'] Adding mappings for added inner class anp$EmeraldGenerator, {official=anp$EmeraldGenerator, searge=net/minecraft/world/biome/BiomeHills$EmeraldGenerator, mcp=net/minecraft/world/biome/BiomeHills$EmeraldGenerator}
[Unimined/JarMod ::source set 'main'] Adding mappings for added inner class awu$Builder, {official=awu$Builder, searge=net/minecraft/block/state/BlockStateContainer$Builder, mcp=net/minecraft/block/state/BlockStateContainer$Builder}
[Unimined/JarMod ::source set 'main'] Adding mappings for added inner class aym$WorldSleepResult, {official=aym$WorldSleepResult, searge=net/minecraft/world/WorldProvider$WorldSleepResult, mcp=net/minecraft/world/WorldProvider$WorldSleepResult}
[Unimined/JarMod ::source set 'main'] Adding mappings for added inner class c$4, {official=c$4, searge=net/minecraft/crash/CrashReportCategory$4, mcp=net/minecraft/crash/CrashReportCategory$4}
[Unimined/JarMod ::source set 'main'] Adding mappings for added inner class c$5, {official=c$5, searge=net/minecraft/crash/CrashReportCategory$5, mcp=net/minecraft/crash/CrashReportCategory$5}
[Unimined/JarMod ::source set 'main'] Adding mappings for added inner class ot$1, {official=ot$1, searge=net/minecraft/server/management/PlayerChunkMapEntry$1, mcp=net/minecraft/server/management/PlayerChunkMapEntry$1}
[Unimined/McRemapper] Remapping minecraft JOINED to mcp
[Unimined/McRemapper] searge -> mcp
[Unimined/Forge] Applying ASM transforms to fix additional issues...
[Unimined/ForgeTransformer] Applying ATs []
[Unimined/Minecraft ::main] Provided minecraft dev file C:\Users\admin\.gradle\caches\unimined\net\minecraft\minecraft\1.12.2\Cleanroom-FG3\0.5.12-alpha\mcp-stable-39-1.12-searge-1.12.2-20260220.202731\forge-0.5.12-alpha-Cleanroom-FG3+cleanroom-0.5.12-alpha+fixForge+asmFixes-mcp.jar
[Unimined/Minecraft ::main] Providing minecraft dev file to source set 'main'
[Unimined/Minecraft ::main] Provided minecraft dev file C:\Users\admin\.gradle\caches\unimined\net\minecraft\minecraft\1.12.2\Cleanroom-FG3\0.5.12-alpha\mcp-stable-39-1.12-searge-1.12.2-20260220.202731\forge-0.5.12-alpha-Cleanroom-FG3+cleanroom-0.5.12-alpha+fixForge+asmFixes-mcp.jar
[Unimined/ModRemapper] Remapping mods from searge to mcp
[Unimined/ModRemapper] Original Deps: configuration ':modImplementation'
[Unimined/ModRemapper] Original Dep Files: configuration ':modImplementation'
[Unimined/ModRemapper] No mods found for remapping
[Unimined/ModRemapper] Remapping mods from searge to mcp
[Unimined/ModRemapper] Original Deps: configuration ':modCompileOnly'
[Unimined/ModRemapper]    curse.maven:botania-225643:3330934
[Unimined/ModRemapper]    curse.maven:thaumcraft-223628:2516790
[Unimined/ModRemapper]    curse.maven:baubles-227083:2535468
[Unimined/ModRemapper] Original Dep Files: configuration ':modCompileOnly'
Resource missing. [HTTP GET: https://repo.maven.apache.org/maven2/curse/maven/botania-225643/3330934/botania-225643-3330934.pom]
Resource missing. [HTTP GET: https://repo.cleanroommc.com/snapshots/curse/maven/botania-225643/3330934/botania-225643-3330934.pom]
Resource missing. [HTTP GET: https://repo.cleanroommc.com/releases/curse/maven/botania-225643/3330934/botania-225643-3330934.pom]
Resource missing. [HTTP GET: https://maven.arcseekers.com/releases/curse/maven/botania-225643/3330934/botania-225643-3330934.pom]
Resource missing. [HTTP GET: https://maven.minecraftforge.net/curse/maven/botania-225643/3330934/botania-225643-3330934.pom]
Resource missing. [HTTP HEAD: https://maven.minecraftforge.net/curse/maven/botania-225643/3330934/botania-225643-3330934.jar]
Resource missing. [HTTP GET: https://libraries.minecraft.net/curse/maven/botania-225643/3330934/botania-225643-3330934.pom]
Downloading https://cursemaven.com/curse/maven/botania-225643/3330934/botania-225643-3330934.pom to C:\Users\admin\.gradle\.tmp\gradle_download17556154999503703021bin
Invalidating in-memory cache of D:\github\CMIICore\.gradle\9.2.1\checksums\md5-checksums.bin
Invalidating in-memory cache of D:\github\CMIICore\.gradle\9.2.1\checksums\sha256-checksums.bin
Invalidating in-memory cache of D:\github\CMIICore\.gradle\9.2.1\checksums\sha1-checksums.bin
Invalidating in-memory cache of D:\github\CMIICore\.gradle\9.2.1\checksums\sha512-checksums.bin
Invalidating in-memory cache of C:\Users\admin\.gradle\caches\journal-1\file-access.bin
Failed to get resource: GET. [HTTP HTTP/1.1 520 <none>: https://repo.maven.apache.org/maven2/curse/maven/thaumcraft-223628/2516790/thaumcraft-223628-2516790.pom)]
Resource missing. [HTTP GET: https://repo.maven.apache.org/maven2/curse/maven/thaumcraft-223628/2516790/thaumcraft-223628-2516790.pom]
Resource missing. [HTTP GET: https://maven.arcseekers.com/releases/curse/maven/thaumcraft-223628/2516790/thaumcraft-223628-2516790.pom]
Resource missing. [HTTP GET: https://maven.minecraftforge.net/curse/maven/thaumcraft-223628/2516790/thaumcraft-223628-2516790.pom]
Resource missing. [HTTP HEAD: https://maven.minecraftforge.net/curse/maven/thaumcraft-223628/2516790/thaumcraft-223628-2516790.jar]
Resource missing. [HTTP GET: https://libraries.minecraft.net/curse/maven/thaumcraft-223628/2516790/thaumcraft-223628-2516790.pom]
Downloading https://cursemaven.com/curse/maven/thaumcraft-223628/2516790/thaumcraft-223628-2516790.pom to C:\Users\admin\.gradle\.tmp\gradle_download17574358574042475761bin
Invalidating in-memory cache of D:\github\CMIICore\.gradle\9.2.1\checksums\md5-checksums.bin
Invalidating in-memory cache of D:\github\CMIICore\.gradle\9.2.1\checksums\sha256-checksums.bin
Invalidating in-memory cache of D:\github\CMIICore\.gradle\9.2.1\checksums\sha1-checksums.bin
Invalidating in-memory cache of D:\github\CMIICore\.gradle\9.2.1\checksums\sha512-checksums.bin
Invalidating in-memory cache of C:\Users\admin\.gradle\caches\journal-1\file-access.bin
Resource missing. [HTTP GET: https://repo.maven.apache.org/maven2/curse/maven/baubles-227083/2535468/baubles-227083-2535468.pom]
Resource missing. [HTTP GET: https://repo.cleanroommc.com/snapshots/curse/maven/baubles-227083/2535468/baubles-227083-2535468.pom]
Resource missing. [HTTP GET: https://repo.cleanroommc.com/releases/curse/maven/baubles-227083/2535468/baubles-227083-2535468.pom]
Resource missing. [HTTP GET: https://maven.arcseekers.com/releases/curse/maven/baubles-227083/2535468/baubles-227083-2535468.pom]
Resource missing. [HTTP GET: https://maven.minecraftforge.net/curse/maven/baubles-227083/2535468/baubles-227083-2535468.pom]
Resource missing. [HTTP HEAD: https://maven.minecraftforge.net/curse/maven/baubles-227083/2535468/baubles-227083-2535468.jar]
Resource missing. [HTTP GET: https://libraries.minecraft.net/curse/maven/baubles-227083/2535468/baubles-227083-2535468.pom]
Downloading https://cursemaven.com/curse/maven/baubles-227083/2535468/baubles-227083-2535468.pom to C:\Users\admin\.gradle\.tmp\gradle_download9177403541361272067bin
Invalidating in-memory cache of D:\github\CMIICore\.gradle\9.2.1\checksums\md5-checksums.bin
Invalidating in-memory cache of D:\github\CMIICore\.gradle\9.2.1\checksums\sha256-checksums.bin
Invalidating in-memory cache of D:\github\CMIICore\.gradle\9.2.1\checksums\sha1-checksums.bin
Invalidating in-memory cache of D:\github\CMIICore\.gradle\9.2.1\checksums\sha512-checksums.bin
Invalidating in-memory cache of C:\Users\admin\.gradle\caches\journal-1\file-access.bin
Downloading https://cursemaven.com/curse/maven/botania-225643/3330934/botania-225643-3330934.jar to C:\Users\admin\.gradle\.tmp\gradle_download7287801120862063071bin
Invalidating in-memory cache of D:\github\CMIICore\.gradle\9.2.1\checksums\md5-checksums.bin
Invalidating in-memory cache of D:\github\CMIICore\.gradle\9.2.1\checksums\sha256-checksums.bin
Invalidating in-memory cache of D:\github\CMIICore\.gradle\9.2.1\checksums\sha1-checksums.bin
Invalidating in-memory cache of D:\github\CMIICore\.gradle\9.2.1\checksums\sha512-checksums.bin
Invalidating in-memory cache of C:\Users\admin\.gradle\caches\journal-1\file-access.bin
[Unimined/ModRemapper]    botania-225643-3330934.jar (curse.maven:botania-225643:3330934) -> C:\Users\admin\.gradle\caches\modules-2\files-2.1\curse.maven\botania-225643\3330934\7ad38e809f785c18fbc17c5beac2650342ae4a96\botania-225643-3330934.jar
.\gradlew.bat : 
所在位置 行:1 字符: 5
+ & { .\gradlew.bat compileJava --no-daemon -i *>&1 > build_output.txt; ...
+     ~~~~~~~~~~~~~~~~~~~~~~~~~~~~~~~~~~~~~~~~~~~~~~~~~~~~~~~~~~~~~~~~
    + CategoryInfo          : NotSpecified: (:String) [], RemoteException
    + FullyQualifiedErrorId : NativeCommandError
 
Watched directory hierarchies: []
FAILURE: Build failed with an exception.

* What went wrong:
A problem occurred configuring root project 'CMIICore'.
> Could not find thaumcraft-223628-2516790.jar (curse.maven:thaumcraft-223628:2
516790).
  Searched in the following locations:
      https://cursemaven.com/curse/maven/thaumcraft-223628/2516790/thaumcraft-2
23628-2516790.jar

* Try:
> Run with --stacktrace option to get the stack trace.
> Run with --debug option to get more log output.
> Run with --scan to generate a Build Scan (powered by Develocity).
> Get more help at https://help.gradle.org.

BUILD FAILED in 1m 48s
